@main {
  v: int = const 4;
  jmp .somewhere;
.somewhere:
  print v;
}
